// Jest Snapshot v1, https://goo.gl/fbAQLP

exports[`RelatedAnimeButton renders default type=Especial 1`] = `
<DocumentFragment>
  .emotion-0 {
  display: -webkit-inline-box;
  display: -webkit-inline-flex;
  display: -ms-inline-flexbox;
  display: inline-flex;
  -webkit-align-items: center;
  -webkit-box-align: center;
  -ms-flex-align: center;
  align-items: center;
  -webkit-box-pack: center;
  -ms-flex-pack: center;
  -webkit-justify-content: center;
  justify-content: center;
  position: relative;
  box-sizing: border-box;
  -webkit-tap-highlight-color: transparent;
  background-color: transparent;
  outline: 0;
  border: 0;
  margin: 0;
  border-radius: 0;
  padding: 0;
  cursor: pointer;
  -webkit-user-select: none;
  -moz-user-select: none;
  -ms-user-select: none;
  user-select: none;
  vertical-align: middle;
  -moz-appearance: none;
  -webkit-appearance: none;
  -webkit-text-decoration: none;
  text-decoration: none;
  color: inherit;
  text-transform: unset;
  display: -webkit-box;
  display: -webkit-flex;
  display: -ms-flexbox;
  display: flex;
  -webkit-flex-direction: row;
  -ms-flex-direction: row;
  flex-direction: row;
  -webkit-align-items: stretch;
  -webkit-box-align: stretch;
  -ms-flex-align: stretch;
  align-items: stretch;
  border-radius: 4px;
  overflow: hidden;
  width: 100%;
  height: 36px;
}

.emotion-0::-moz-focus-inner {
  border-style: none;
}

.emotion-0.Mui-disabled {
  pointer-events: none;
  cursor: default;
}

@media print {
  .emotion-0 {
    -webkit-print-color-adjust: exact;
    color-adjust: exact;
  }
}

.emotion-0 .TypeButton {
  -webkit-transition: background-color 0.3s ease-in-out;
  transition: background-color 0.3s ease-in-out;
  background-color: rgb(160 99 70);
}

.emotion-0 .NBWrapper {
  -webkit-transition: background-color 0.3s ease-in-out;
  transition: background-color 0.3s ease-in-out;
  background-color: #292d33;
}

.emotion-0:hover .TypeButton {
  background-color: rgb(179, NaN, NaN);
}

.emotion-0:hover .NBWrapper {
  background-color: #3c3f43;
}

.emotion-1 {
  display: -webkit-box;
  display: -webkit-flex;
  display: -ms-flexbox;
  display: flex;
  -webkit-flex-direction: row;
  -ms-flex-direction: row;
  flex-direction: row;
  padding: 0 12px;
  font-size: 0.85rem;
  -webkit-align-items: center;
  -webkit-box-align: center;
  -ms-flex-align: center;
  align-items: center;
  -webkit-flex: 0;
  -ms-flex: 0;
  flex: 0;
  -webkit-box-pack: center;
  -ms-flex-pack: center;
  -webkit-justify-content: center;
  justify-content: center;
  min-width: 9ch;
}

.emotion-2 {
  display: -webkit-box;
  display: -webkit-flex;
  display: -ms-flexbox;
  display: flex;
  -webkit-flex-direction: row;
  -ms-flex-direction: row;
  flex-direction: row;
  -webkit-align-items: center;
  -webkit-box-align: center;
  -ms-flex-align: center;
  align-items: center;
  -webkit-flex: 1;
  -ms-flex: 1;
  flex: 1;
  overflow: hidden;
  padding: 0 12px;
}

.emotion-3 {
  margin: 0;
  font-family: OpenSans,Quicksand,sans-serif;
  font-weight: 400;
  font-size: 1rem;
  line-height: 1.5;
  white-space: nowrap;
  text-overflow: ellipsis;
  overflow: hidden;
  text-align: left;
  font-size: 0.85rem;
}

.emotion-4 {
  overflow: hidden;
  pointer-events: none;
  position: absolute;
  z-index: 0;
  top: 0;
  right: 0;
  bottom: 0;
  left: 0;
  border-radius: inherit;
}

<button
    btype="Especial"
    class="MuiButtonBase-root emotion-0"
    data-testid="related-anime-button-button"
    tabindex="0"
    title="Related Anime Name"
    type="button"
  >
    <div
      class="emotion-1 TypeButton"
    >
      Especial
    </div>
    <div
      class="emotion-2 NBWrapper"
    >
      <p
        class="MuiTypography-root MuiTypography-body1 emotion-3"
      >
        Related Anime Name
      </p>
    </div>
    <span
      class="MuiTouchRipple-root emotion-4"
    />
  </button>
</DocumentFragment>
`;

exports[`RelatedAnimeButton renders default type=Ova 1`] = `
<DocumentFragment>
  .emotion-0 {
  display: -webkit-inline-box;
  display: -webkit-inline-flex;
  display: -ms-inline-flexbox;
  display: inline-flex;
  -webkit-align-items: center;
  -webkit-box-align: center;
  -ms-flex-align: center;
  align-items: center;
  -webkit-box-pack: center;
  -ms-flex-pack: center;
  -webkit-justify-content: center;
  justify-content: center;
  position: relative;
  box-sizing: border-box;
  -webkit-tap-highlight-color: transparent;
  background-color: transparent;
  outline: 0;
  border: 0;
  margin: 0;
  border-radius: 0;
  padding: 0;
  cursor: pointer;
  -webkit-user-select: none;
  -moz-user-select: none;
  -ms-user-select: none;
  user-select: none;
  vertical-align: middle;
  -moz-appearance: none;
  -webkit-appearance: none;
  -webkit-text-decoration: none;
  text-decoration: none;
  color: inherit;
  text-transform: unset;
  display: -webkit-box;
  display: -webkit-flex;
  display: -ms-flexbox;
  display: flex;
  -webkit-flex-direction: row;
  -ms-flex-direction: row;
  flex-direction: row;
  -webkit-align-items: stretch;
  -webkit-box-align: stretch;
  -ms-flex-align: stretch;
  align-items: stretch;
  border-radius: 4px;
  overflow: hidden;
  width: 100%;
  height: 36px;
}

.emotion-0::-moz-focus-inner {
  border-style: none;
}

.emotion-0.Mui-disabled {
  pointer-events: none;
  cursor: default;
}

@media print {
  .emotion-0 {
    -webkit-print-color-adjust: exact;
    color-adjust: exact;
  }
}

.emotion-0 .TypeButton {
  -webkit-transition: background-color 0.3s ease-in-out;
  transition: background-color 0.3s ease-in-out;
  background-color: #612f2f;
}

.emotion-0 .NBWrapper {
  -webkit-transition: background-color 0.3s ease-in-out;
  transition: background-color 0.3s ease-in-out;
  background-color: #292d33;
}

.emotion-0:hover .TypeButton {
  background-color: rgb(128, 88, 88);
}

.emotion-0:hover .NBWrapper {
  background-color: #3c3f43;
}

.emotion-1 {
  display: -webkit-box;
  display: -webkit-flex;
  display: -ms-flexbox;
  display: flex;
  -webkit-flex-direction: row;
  -ms-flex-direction: row;
  flex-direction: row;
  padding: 0 12px;
  font-size: 0.85rem;
  -webkit-align-items: center;
  -webkit-box-align: center;
  -ms-flex-align: center;
  align-items: center;
  -webkit-flex: 0;
  -ms-flex: 0;
  flex: 0;
  -webkit-box-pack: center;
  -ms-flex-pack: center;
  -webkit-justify-content: center;
  justify-content: center;
  min-width: 9ch;
}

.emotion-2 {
  display: -webkit-box;
  display: -webkit-flex;
  display: -ms-flexbox;
  display: flex;
  -webkit-flex-direction: row;
  -ms-flex-direction: row;
  flex-direction: row;
  -webkit-align-items: center;
  -webkit-box-align: center;
  -ms-flex-align: center;
  align-items: center;
  -webkit-flex: 1;
  -ms-flex: 1;
  flex: 1;
  overflow: hidden;
  padding: 0 12px;
}

.emotion-3 {
  margin: 0;
  font-family: OpenSans,Quicksand,sans-serif;
  font-weight: 400;
  font-size: 1rem;
  line-height: 1.5;
  white-space: nowrap;
  text-overflow: ellipsis;
  overflow: hidden;
  text-align: left;
  font-size: 0.85rem;
}

.emotion-4 {
  overflow: hidden;
  pointer-events: none;
  position: absolute;
  z-index: 0;
  top: 0;
  right: 0;
  bottom: 0;
  left: 0;
  border-radius: inherit;
}

<button
    btype="Ova"
    class="MuiButtonBase-root emotion-0"
    data-testid="related-anime-button-button"
    tabindex="0"
    title="Related Anime Name"
    type="button"
  >
    <div
      class="emotion-1 TypeButton"
    >
      Ova
    </div>
    <div
      class="emotion-2 NBWrapper"
    >
      <p
        class="MuiTypography-root MuiTypography-body1 emotion-3"
      >
        Related Anime Name
      </p>
    </div>
    <span
      class="MuiTouchRipple-root emotion-4"
    />
  </button>
</DocumentFragment>
`;

exports[`RelatedAnimeButton renders default type=Pel√≠cula 1`] = `
<DocumentFragment>
  .emotion-0 {
  display: -webkit-inline-box;
  display: -webkit-inline-flex;
  display: -ms-inline-flexbox;
  display: inline-flex;
  -webkit-align-items: center;
  -webkit-box-align: center;
  -ms-flex-align: center;
  align-items: center;
  -webkit-box-pack: center;
  -ms-flex-pack: center;
  -webkit-justify-content: center;
  justify-content: center;
  position: relative;
  box-sizing: border-box;
  -webkit-tap-highlight-color: transparent;
  background-color: transparent;
  outline: 0;
  border: 0;
  margin: 0;
  border-radius: 0;
  padding: 0;
  cursor: pointer;
  -webkit-user-select: none;
  -moz-user-select: none;
  -ms-user-select: none;
  user-select: none;
  vertical-align: middle;
  -moz-appearance: none;
  -webkit-appearance: none;
  -webkit-text-decoration: none;
  text-decoration: none;
  color: inherit;
  text-transform: unset;
  display: -webkit-box;
  display: -webkit-flex;
  display: -ms-flexbox;
  display: flex;
  -webkit-flex-direction: row;
  -ms-flex-direction: row;
  flex-direction: row;
  -webkit-align-items: stretch;
  -webkit-box-align: stretch;
  -ms-flex-align: stretch;
  align-items: stretch;
  border-radius: 4px;
  overflow: hidden;
  width: 100%;
  height: 36px;
}

.emotion-0::-moz-focus-inner {
  border-style: none;
}

.emotion-0.Mui-disabled {
  pointer-events: none;
  cursor: default;
}

@media print {
  .emotion-0 {
    -webkit-print-color-adjust: exact;
    color-adjust: exact;
  }
}

.emotion-0 .TypeButton {
  -webkit-transition: background-color 0.3s ease-in-out;
  transition: background-color 0.3s ease-in-out;
  background-color: rgb(55 92 95);
}

.emotion-0 .NBWrapper {
  -webkit-transition: background-color 0.3s ease-in-out;
  transition: background-color 0.3s ease-in-out;
  background-color: #292d33;
}

.emotion-0:hover .TypeButton {
  background-color: rgb(95, NaN, NaN);
}

.emotion-0:hover .NBWrapper {
  background-color: #3c3f43;
}

.emotion-1 {
  display: -webkit-box;
  display: -webkit-flex;
  display: -ms-flexbox;
  display: flex;
  -webkit-flex-direction: row;
  -ms-flex-direction: row;
  flex-direction: row;
  padding: 0 12px;
  font-size: 0.85rem;
  -webkit-align-items: center;
  -webkit-box-align: center;
  -ms-flex-align: center;
  align-items: center;
  -webkit-flex: 0;
  -ms-flex: 0;
  flex: 0;
  -webkit-box-pack: center;
  -ms-flex-pack: center;
  -webkit-justify-content: center;
  justify-content: center;
  min-width: 9ch;
}

.emotion-2 {
  display: -webkit-box;
  display: -webkit-flex;
  display: -ms-flexbox;
  display: flex;
  -webkit-flex-direction: row;
  -ms-flex-direction: row;
  flex-direction: row;
  -webkit-align-items: center;
  -webkit-box-align: center;
  -ms-flex-align: center;
  align-items: center;
  -webkit-flex: 1;
  -ms-flex: 1;
  flex: 1;
  overflow: hidden;
  padding: 0 12px;
}

.emotion-3 {
  margin: 0;
  font-family: OpenSans,Quicksand,sans-serif;
  font-weight: 400;
  font-size: 1rem;
  line-height: 1.5;
  white-space: nowrap;
  text-overflow: ellipsis;
  overflow: hidden;
  text-align: left;
  font-size: 0.85rem;
}

.emotion-4 {
  overflow: hidden;
  pointer-events: none;
  position: absolute;
  z-index: 0;
  top: 0;
  right: 0;
  bottom: 0;
  left: 0;
  border-radius: inherit;
}

<button
    btype="Pel√≠cula"
    class="MuiButtonBase-root emotion-0"
    data-testid="related-anime-button-button"
    tabindex="0"
    title="Related Anime Name"
    type="button"
  >
    <div
      class="emotion-1 TypeButton"
    >
      Pel√≠cula
    </div>
    <div
      class="emotion-2 NBWrapper"
    >
      <p
        class="MuiTypography-root MuiTypography-body1 emotion-3"
      >
        Related Anime Name
      </p>
    </div>
    <span
      class="MuiTouchRipple-root emotion-4"
    />
  </button>
</DocumentFragment>
`;

exports[`RelatedAnimeButton renders default type=Serie 1`] = `
<DocumentFragment>
  .emotion-0 {
  display: -webkit-inline-box;
  display: -webkit-inline-flex;
  display: -ms-inline-flexbox;
  display: inline-flex;
  -webkit-align-items: center;
  -webkit-box-align: center;
  -ms-flex-align: center;
  align-items: center;
  -webkit-box-pack: center;
  -ms-flex-pack: center;
  -webkit-justify-content: center;
  justify-content: center;
  position: relative;
  box-sizing: border-box;
  -webkit-tap-highlight-color: transparent;
  background-color: transparent;
  outline: 0;
  border: 0;
  margin: 0;
  border-radius: 0;
  padding: 0;
  cursor: pointer;
  -webkit-user-select: none;
  -moz-user-select: none;
  -ms-user-select: none;
  user-select: none;
  vertical-align: middle;
  -moz-appearance: none;
  -webkit-appearance: none;
  -webkit-text-decoration: none;
  text-decoration: none;
  color: inherit;
  text-transform: unset;
  display: -webkit-box;
  display: -webkit-flex;
  display: -ms-flexbox;
  display: flex;
  -webkit-flex-direction: row;
  -ms-flex-direction: row;
  flex-direction: row;
  -webkit-align-items: stretch;
  -webkit-box-align: stretch;
  -ms-flex-align: stretch;
  align-items: stretch;
  border-radius: 4px;
  overflow: hidden;
  width: 100%;
  height: 36px;
}

.emotion-0::-moz-focus-inner {
  border-style: none;
}

.emotion-0.Mui-disabled {
  pointer-events: none;
  cursor: default;
}

@media print {
  .emotion-0 {
    -webkit-print-color-adjust: exact;
    color-adjust: exact;
  }
}

.emotion-0 .TypeButton {
  -webkit-transition: background-color 0.3s ease-in-out;
  transition: background-color 0.3s ease-in-out;
  background-color: #427cb3;
}

.emotion-0 .NBWrapper {
  -webkit-transition: background-color 0.3s ease-in-out;
  transition: background-color 0.3s ease-in-out;
  background-color: #292d33;
}

.emotion-0:hover .TypeButton {
  background-color: rgb(103, 150, 194);
}

.emotion-0:hover .NBWrapper {
  background-color: #3c3f43;
}

.emotion-1 {
  display: -webkit-box;
  display: -webkit-flex;
  display: -ms-flexbox;
  display: flex;
  -webkit-flex-direction: row;
  -ms-flex-direction: row;
  flex-direction: row;
  padding: 0 12px;
  font-size: 0.85rem;
  -webkit-align-items: center;
  -webkit-box-align: center;
  -ms-flex-align: center;
  align-items: center;
  -webkit-flex: 0;
  -ms-flex: 0;
  flex: 0;
  -webkit-box-pack: center;
  -ms-flex-pack: center;
  -webkit-justify-content: center;
  justify-content: center;
  min-width: 9ch;
}

.emotion-2 {
  display: -webkit-box;
  display: -webkit-flex;
  display: -ms-flexbox;
  display: flex;
  -webkit-flex-direction: row;
  -ms-flex-direction: row;
  flex-direction: row;
  -webkit-align-items: center;
  -webkit-box-align: center;
  -ms-flex-align: center;
  align-items: center;
  -webkit-flex: 1;
  -ms-flex: 1;
  flex: 1;
  overflow: hidden;
  padding: 0 12px;
}

.emotion-3 {
  margin: 0;
  font-family: OpenSans,Quicksand,sans-serif;
  font-weight: 400;
  font-size: 1rem;
  line-height: 1.5;
  white-space: nowrap;
  text-overflow: ellipsis;
  overflow: hidden;
  text-align: left;
  font-size: 0.85rem;
}

.emotion-4 {
  overflow: hidden;
  pointer-events: none;
  position: absolute;
  z-index: 0;
  top: 0;
  right: 0;
  bottom: 0;
  left: 0;
  border-radius: inherit;
}

<button
    btype="Serie"
    class="MuiButtonBase-root emotion-0"
    data-testid="related-anime-button-button"
    tabindex="0"
    title="Related Anime Name"
    type="button"
  >
    <div
      class="emotion-1 TypeButton"
    >
      Serie
    </div>
    <div
      class="emotion-2 NBWrapper"
    >
      <p
        class="MuiTypography-root MuiTypography-body1 emotion-3"
      >
        Related Anime Name
      </p>
    </div>
    <span
      class="MuiTouchRipple-root emotion-4"
    />
  </button>
</DocumentFragment>
`;
