// Jest Snapshot v1, https://goo.gl/fbAQLP

exports[`AnimeSearchModal renders default 1`] = `
.c18 {
  -webkit-user-select: none;
  -moz-user-select: none;
  -ms-user-select: none;
  user-select: none;
  width: 1em;
  height: 1em;
  display: inline-block;
  fill: currentColor;
  -webkit-flex-shrink: 0;
  -ms-flex-negative: 0;
  flex-shrink: 0;
  -webkit-transition: fill 200ms cubic-bezier(0.4,0,0.2,1) 0ms;
  transition: fill 200ms cubic-bezier(0.4,0,0.2,1) 0ms;
  font-size: 1.5rem;
  font-size: inherit;
}

.c19 {
  overflow: hidden;
  pointer-events: none;
  position: absolute;
  z-index: 0;
  top: 0;
  right: 0;
  bottom: 0;
  left: 0;
  border-radius: inherit;
}

.c16 {
  display: -webkit-inline-box;
  display: -webkit-inline-flex;
  display: -ms-inline-flexbox;
  display: inline-flex;
  -webkit-align-items: center;
  -webkit-box-align: center;
  -ms-flex-align: center;
  align-items: center;
  -webkit-box-pack: center;
  -webkit-justify-content: center;
  -ms-flex-pack: center;
  justify-content: center;
  position: relative;
  box-sizing: border-box;
  -webkit-tap-highlight-color: transparent;
  background-color: transparent;
  outline: 0;
  border: 0;
  margin: 0;
  border-radius: 0;
  padding: 0;
  cursor: pointer;
  -webkit-user-select: none;
  -moz-user-select: none;
  -ms-user-select: none;
  user-select: none;
  vertical-align: middle;
  -moz-appearance: none;
  -webkit-appearance: none;
  -webkit-text-decoration: none;
  text-decoration: none;
  color: inherit;
  text-transform: unset;
}

.c16::-moz-focus-inner {
  border-style: none;
}

.c16.Mui-disabled {
  pointer-events: none;
  cursor: default;
}

.c17 {
  text-align: center;
  -webkit-flex: 0 0 auto;
  -ms-flex: 0 0 auto;
  flex: 0 0 auto;
  font-size: 1.5rem;
  padding: 8px;
  border-radius: 50%;
  overflow: visible;
  color: #fff;
  -webkit-transition: background-color 150ms cubic-bezier(0.4,0,0.2,1) 0ms;
  transition: background-color 150ms cubic-bezier(0.4,0,0.2,1) 0ms;
  -webkit-flex-shrink: 0;
  -ms-flex-negative: 0;
  flex-shrink: 0;
  height: 36px;
  min-width: 36px;
  color: #e9ebf0;
  padding: 8px 6px;
  background-color: #292d33;
  margin-bottom: 0;
  font-weight: normal;
  text-align: center;
  vertical-align: middle;
  outline: 0 !important;
  white-space: nowrap;
  border: none;
  -webkit-user-select: none;
  -moz-user-select: none;
  -ms-user-select: none;
  user-select: none;
  font-size: 1.2rem;
  line-height: 1.42857143;
  border-radius: 6px;
}

.c17:hover {
  background-color: rgba(255,255,255,0.08);
}

.c17.Mui-disabled {
  background-color: transparent;
  color: rgba(255,255,255,0.3);
}

.c17:hover {
  background-color: #3c3f43;
}

.c17.Mui-disabled {
  color: rgb(255 255 255 / 25%);
}

.c12 {
  display: -webkit-box;
  display: -webkit-flex;
  display: -ms-flexbox;
  display: flex;
  -webkit-flex-direction: row;
  -ms-flex-direction: row;
  flex-direction: row;
}

.c13 {
  gap: 16px;
}

.c8 {
  display: -webkit-box;
  display: -webkit-flex;
  display: -ms-flexbox;
  display: flex;
  -webkit-flex-direction: column;
  -ms-flex-direction: column;
  flex-direction: column;
}

.c9 {
  gap: 16px;
}

.c15 {
  -webkit-flex: 1;
  -ms-flex: 1;
  flex: 1;
}

.c14 {
  font-weight: 700;
  color: #e7e7e7;
  font-size: 1.2rem;
  line-height: 1;
  text-shadow: 0 0 2px black,0 0 6px black;
  margin-bottom: 4px;
}

.c25 {
  font-weight: 700;
  color: white;
  font-size: 1rem;
  line-height: 1;
  text-shadow: 0 0 2px black,0 0 6px black;
  margin-bottom: 4px;
  overflow: hidden;
  text-overflow: ellipsis;
  display: -webkit-box;
  -webkit-line-clamp: 1;
  -webkit-box-orient: vertical;
}

.c6 {
  background-color: #121212;
  color: #e9ebf0;
  -webkit-transition: box-shadow 300ms cubic-bezier(0.4,0,0.2,1) 0ms;
  transition: box-shadow 300ms cubic-bezier(0.4,0,0.2,1) 0ms;
  border-radius: 4px;
  box-shadow: 0px 11px 15px -7px rgba(0,0,0,0.2),0px 24px 38px 3px rgba(0,0,0,0.14),0px 9px 46px 8px rgba(0,0,0,0.12);
  background-image: linear-gradient(rgba(255,255,255,0.16),rgba(255,255,255,0.16));
}

.c3 {
  position: fixed;
  display: -webkit-box;
  display: -webkit-flex;
  display: -ms-flexbox;
  display: flex;
  -webkit-align-items: center;
  -webkit-box-align: center;
  -ms-flex-align: center;
  align-items: center;
  -webkit-box-pack: center;
  -webkit-justify-content: center;
  -ms-flex-pack: center;
  justify-content: center;
  right: 0;
  bottom: 0;
  top: 0;
  left: 0;
  background-color: rgba(0,0,0,0.5);
  -webkit-tap-highlight-color: transparent;
}

.c0 {
  position: fixed;
  z-index: 1300;
  right: 0;
  bottom: 0;
  top: 0;
  left: 0;
}

.c4 {
  z-index: -1;
}

.c5 {
  height: 100%;
  outline: 0;
  display: -webkit-box;
  display: -webkit-flex;
  display: -ms-flexbox;
  display: flex;
  -webkit-box-pack: center;
  -webkit-justify-content: center;
  -ms-flex-pack: center;
  justify-content: center;
  -webkit-align-items: center;
  -webkit-box-align: center;
  -ms-flex-align: center;
  align-items: center;
}

.c7 {
  margin: 0;
  position: relative;
  overflow-y: auto;
  display: -webkit-box;
  display: -webkit-flex;
  display: -ms-flexbox;
  display: flex;
  -webkit-flex-direction: column;
  -ms-flex-direction: column;
  flex-direction: column;
  max-height: none;
  max-width: 100%;
  width: 100%;
  height: 100%;
  border-radius: 0;
}

.c7.MuiDialog-paperScrollBody {
  margin: 0;
  max-width: 100%;
}

.c20 {
  box-sizing: border-box;
  display: -webkit-box;
  display: -webkit-flex;
  display: -ms-flexbox;
  display: flex;
  -webkit-flex-wrap: wrap;
  -ms-flex-wrap: wrap;
  flex-wrap: wrap;
  width: 100%;
  -webkit-flex-direction: row;
  -ms-flex-direction: row;
  flex-direction: row;
  margin-top: -16px;
  width: calc(100% + 16px);
  margin-left: -16px;
}

.c20 > .MuiGrid-item {
  padding-top: 16px;
}

.c20 > .MuiGrid-item {
  padding-left: 16px;
}

.c21 {
  box-sizing: border-box;
  margin: 0;
  -webkit-flex-direction: row;
  -ms-flex-direction: row;
  flex-direction: row;
  -webkit-flex-basis: 100%;
  -ms-flex-preferred-size: 100%;
  flex-basis: 100%;
  -webkit-box-flex: 0;
  -webkit-flex-grow: 0;
  -ms-flex-positive: 0;
  flex-grow: 0;
  max-width: 100%;
}

.c22 {
  position: relative;
  border-radius: 4px;
  overflow: hidden;
  --width: calc( ( 100vw - 3 * 16px - 2 * 72px ) / 4 );
  --height: calc(var(--width) * 0.64);
  width: var(--width);
  height: var(--height);
  -webkit-flex: 0 0 auto;
  -ms-flex: 0 0 auto;
  flex: 0 0 auto;
  cursor: pointer;
  -webkit-transition: all 300ms ease-in-out;
  transition: all 300ms ease-in-out;
}

.c22:hover {
  z-index: 10;
}

.c24 {
  position: absolute;
  top: 0;
  bottom: 0;
  left: 0;
  right: 0;
  display: -webkit-box;
  display: -webkit-flex;
  display: -ms-flexbox;
  display: flex;
  -webkit-flex-direction: column;
  -ms-flex-direction: column;
  flex-direction: column;
  -webkit-box-pack: end;
  -webkit-justify-content: flex-end;
  -ms-flex-pack: end;
  justify-content: flex-end;
  background-image: linear-gradient( to top, rgba(0,0,0,0.7), rgba(0,0,0,0.5) 20%, rgba(0,0,0,0) 40% );
  padding: 16px;
}

.c23 {
  object-fit: cover;
  width: 100%;
  height: 100%;
}

.c10 {
  overflow-y: overlay;
  padding-bottom: 32px;
  height: 100%;
  position: relative;
}

.c11 {
  padding: 32px 64px;
}

.c2 {
  margin: 0;
  width: 100vw;
  overflow: hidden;
  --modal-height: calc(100vh - 56px);
  height: var(--modal-height);
  background-color: transparent;
  top: 56px !important;
}

.c2 .MuiDialog-container {
  background-color: #0f131a;
}

.c2 .MuiPaper-root {
  background-image: unset;
  background-color: #0f131a;
}

@media print {
  .c16 {
    color-adjust: exact;
  }
}

@media (hover:none) {
  .c17:hover {
    background-color: transparent;
  }
}

@media print {
  .c1 {
    position: absolute !important;
  }
}

@media print {
  .c5 {
    height: auto;
  }
}

@media print {
  .c7 {
    overflow-y: visible;
    box-shadow: none;
  }
}

@media (min-width:500px) {
  .c21 {
    -webkit-flex-basis: 50%;
    -ms-flex-preferred-size: 50%;
    flex-basis: 50%;
    -webkit-box-flex: 0;
    -webkit-flex-grow: 0;
    -ms-flex-positive: 0;
    flex-grow: 0;
    max-width: 50%;
  }
}

@media (min-width:800px) {
  .c21 {
    -webkit-flex-basis: 33.333333%;
    -ms-flex-preferred-size: 33.333333%;
    flex-basis: 33.333333%;
    -webkit-box-flex: 0;
    -webkit-flex-grow: 0;
    -ms-flex-positive: 0;
    flex-grow: 0;
    max-width: 33.333333%;
  }
}

@media (min-width:1000px) {
  .c21 {
    -webkit-flex-basis: 25%;
    -ms-flex-preferred-size: 25%;
    flex-basis: 25%;
    -webkit-box-flex: 0;
    -webkit-flex-grow: 0;
    -ms-flex-positive: 0;
    flex-grow: 0;
    max-width: 25%;
  }
}

@media (max-width:1000px) {
  .c22 {
    --width: calc( ( 100vw - 2 * 16px - 2 * 72px ) / 3 );
    --height: calc(var(--width) * 0.64);
  }
}

@media (max-width:800px) {
  .c22 {
    --width: calc( ( 100vw - 1 * 16px - 2 * 72px ) / 2 );
    --height: calc(var(--width) * 0.64);
    --height: calc(var(--width) * 0.84);
  }
}

@media (max-width:500px) {
  .c22 {
    --width: calc( ( 100vw - 0 * 16px - 2 * 72px ) / 1 );
    --height: calc(var(--width) * 0.64);
  }
}

<body
  style="padding-right: 1024px; overflow: hidden;"
>
  <div
    aria-hidden="true"
  />
  <div
    class="c0 MuiModal-root c1 MuiDialog-root c2"
    role="presentation"
  >
    <div
      aria-hidden="true"
      class="c3 MuiBackdrop-root c4"
      style="opacity: 1; webkit-transition: opacity 225ms cubic-bezier(0.4, 0, 0.2, 1) 0ms; transition: opacity 225ms cubic-bezier(0.4, 0, 0.2, 1) 0ms;"
    />
    <div
      data-test="sentinelStart"
      tabindex="0"
    />
    <div
      class="c5 MuiDialog-container MuiDialog-scrollPaper"
      role="presentation"
      style="opacity: 1; webkit-transition: opacity 300ms cubic-bezier(0.4, 0, 0.2, 1) 0ms; transition: opacity 300ms cubic-bezier(0.4, 0, 0.2, 1) 0ms;"
      tabindex="-1"
    >
      <div
        aria-labelledby="full-modal"
        class="c6 MuiPaper-root MuiPaper-elevation MuiPaper-rounded MuiPaper-elevation24 c7 MuiDialog-paper MuiDialog-paperScrollPaper MuiDialog-paperWidthSm MuiDialog-paperFullScreen"
        role="dialog"
      >
        <div
          class="c8 c9 c10"
          style="opacity: 1; webkit-transition: opacity 1000ms cubic-bezier(0.4, 0, 0.2, 1) 0ms; transition: opacity 1000ms cubic-bezier(0.4, 0, 0.2, 1) 0ms;"
        >
          <div
            class="c8 c9 c11"
            style="padding: 32px 64px;"
          >
            <div
              class="c12 c13"
              style="align-items: center;"
            >
              <h2
                class="c14"
                style="font-size: 1.5rem; white-space: pre;"
              >
                Resultados de
                 
                <span
                  style="opacity: 0.8;"
                >
                  "
                  anime name to search
                  "
                </span>
              </h2>
              <div
                class="c15"
              />
              <button
                aria-label="Cerrar"
                class="c16 MuiButtonBase-root c17 MuiIconButton-root MuiIconButton-sizeMedium"
                data-mui-internal-clone-element="true"
                data-testid="anime-search-close-button"
                tabindex="0"
                type="button"
              >
                <svg
                  aria-hidden="true"
                  class="c18 MuiSvgIcon-root MuiSvgIcon-fontSizeMedium"
                  data-testid="CloseRoundedIcon"
                  focusable="false"
                  viewBox="0 0 24 24"
                >
                  <path
                    d="M18.3 5.71a.9959.9959 0 0 0-1.41 0L12 10.59 7.11 5.7a.9959.9959 0 0 0-1.41 0c-.39.39-.39 1.02 0 1.41L10.59 12 5.7 16.89c-.39.39-.39 1.02 0 1.41.39.39 1.02.39 1.41 0L12 13.41l4.89 4.89c.39.39 1.02.39 1.41 0 .39-.39.39-1.02 0-1.41L13.41 12l4.89-4.89c.38-.38.38-1.02 0-1.4z"
                  />
                </svg>
                <span
                  class="c19 MuiTouchRipple-root"
                />
              </button>
            </div>
            <div
              class="c20 MuiGrid-root MuiGrid-container MuiGrid-spacing-xs-2"
            >
              <div
                class="c21 MuiGrid-root MuiGrid-item MuiGrid-grid-xs-12 MuiGrid-grid-sm-6 MuiGrid-grid-md-4 MuiGrid-grid-lg-3"
              >
                <div
                  data-testid="anime-entry-wrapper"
                  style="opacity: 1; webkit-transition: opacity 1000ms cubic-bezier(0.4, 0, 0.2, 1) 0ms; transition: opacity 1000ms cubic-bezier(0.4, 0, 0.2, 1) 0ms;"
                >
                  <div
                    class="c22"
                    data-testid="anime-entry-background"
                  >
                    <img
                      alt="anime name 0"
                      class="c23"
                      src="image url 0"
                    />
                    <div
                      class="c24"
                      data-testid="anime-details-entry-anime-info"
                    >
                      <h3
                        class="c25"
                      >
                        anime name 0
                      </h3>
                    </div>
                  </div>
                </div>
              </div>
              <div
                class="c21 MuiGrid-root MuiGrid-item MuiGrid-grid-xs-12 MuiGrid-grid-sm-6 MuiGrid-grid-md-4 MuiGrid-grid-lg-3"
              >
                <div
                  data-testid="anime-entry-wrapper"
                  style="opacity: 1; webkit-transition: opacity 1500ms cubic-bezier(0.4, 0, 0.2, 1) 0ms; transition: opacity 1500ms cubic-bezier(0.4, 0, 0.2, 1) 0ms;"
                >
                  <div
                    class="c22"
                    data-testid="anime-entry-background"
                  >
                    <img
                      alt="anime name 1"
                      class="c23"
                      src="image url 1"
                    />
                    <div
                      class="c24"
                      data-testid="anime-details-entry-anime-info"
                    >
                      <h3
                        class="c25"
                      >
                        anime name 1
                      </h3>
                    </div>
                  </div>
                </div>
              </div>
              <div
                class="c21 MuiGrid-root MuiGrid-item MuiGrid-grid-xs-12 MuiGrid-grid-sm-6 MuiGrid-grid-md-4 MuiGrid-grid-lg-3"
              >
                <div
                  data-testid="anime-entry-wrapper"
                  style="opacity: 1; webkit-transition: opacity 2000ms cubic-bezier(0.4, 0, 0.2, 1) 0ms; transition: opacity 2000ms cubic-bezier(0.4, 0, 0.2, 1) 0ms;"
                >
                  <div
                    class="c22"
                    data-testid="anime-entry-background"
                  >
                    <img
                      alt="anime name 2"
                      class="c23"
                      src="image url 2"
                    />
                    <div
                      class="c24"
                      data-testid="anime-details-entry-anime-info"
                    >
                      <h3
                        class="c25"
                      >
                        anime name 2
                      </h3>
                    </div>
                  </div>
                </div>
              </div>
              <div
                class="c21 MuiGrid-root MuiGrid-item MuiGrid-grid-xs-12 MuiGrid-grid-sm-6 MuiGrid-grid-md-4 MuiGrid-grid-lg-3"
              >
                <div
                  data-testid="anime-entry-wrapper"
                  style="opacity: 1; webkit-transition: opacity 2500ms cubic-bezier(0.4, 0, 0.2, 1) 0ms; transition: opacity 2500ms cubic-bezier(0.4, 0, 0.2, 1) 0ms;"
                >
                  <div
                    class="c22"
                    data-testid="anime-entry-background"
                  >
                    <img
                      alt="anime name 3"
                      class="c23"
                      src="image url 3"
                    />
                    <div
                      class="c24"
                      data-testid="anime-details-entry-anime-info"
                    >
                      <h3
                        class="c25"
                      >
                        anime name 3
                      </h3>
                    </div>
                  </div>
                </div>
              </div>
              <div
                class="c21 MuiGrid-root MuiGrid-item MuiGrid-grid-xs-12 MuiGrid-grid-sm-6 MuiGrid-grid-md-4 MuiGrid-grid-lg-3"
              >
                <div
                  data-testid="anime-entry-wrapper"
                  style="opacity: 1; webkit-transition: opacity 3000ms cubic-bezier(0.4, 0, 0.2, 1) 0ms; transition: opacity 3000ms cubic-bezier(0.4, 0, 0.2, 1) 0ms;"
                >
                  <div
                    class="c22"
                    data-testid="anime-entry-background"
                  >
                    <img
                      alt="anime name 4"
                      class="c23"
                      src="image url 4"
                    />
                    <div
                      class="c24"
                      data-testid="anime-details-entry-anime-info"
                    >
                      <h3
                        class="c25"
                      >
                        anime name 4
                      </h3>
                    </div>
                  </div>
                </div>
              </div>
              <div
                class="c21 MuiGrid-root MuiGrid-item MuiGrid-grid-xs-12 MuiGrid-grid-sm-6 MuiGrid-grid-md-4 MuiGrid-grid-lg-3"
              >
                <div
                  data-testid="anime-entry-wrapper"
                  style="opacity: 1; webkit-transition: opacity 3500ms cubic-bezier(0.4, 0, 0.2, 1) 0ms; transition: opacity 3500ms cubic-bezier(0.4, 0, 0.2, 1) 0ms;"
                >
                  <div
                    class="c22"
                    data-testid="anime-entry-background"
                  >
                    <img
                      alt="anime name 5"
                      class="c23"
                      src="image url 5"
                    />
                    <div
                      class="c24"
                      data-testid="anime-details-entry-anime-info"
                    >
                      <h3
                        class="c25"
                      >
                        anime name 5
                      </h3>
                    </div>
                  </div>
                </div>
              </div>
              <div
                class="c21 MuiGrid-root MuiGrid-item MuiGrid-grid-xs-12 MuiGrid-grid-sm-6 MuiGrid-grid-md-4 MuiGrid-grid-lg-3"
              >
                <div
                  data-testid="anime-entry-wrapper"
                  style="opacity: 1; webkit-transition: opacity 4000ms cubic-bezier(0.4, 0, 0.2, 1) 0ms; transition: opacity 4000ms cubic-bezier(0.4, 0, 0.2, 1) 0ms;"
                >
                  <div
                    class="c22"
                    data-testid="anime-entry-background"
                  >
                    <img
                      alt="anime name 6"
                      class="c23"
                      src="image url 6"
                    />
                    <div
                      class="c24"
                      data-testid="anime-details-entry-anime-info"
                    >
                      <h3
                        class="c25"
                      >
                        anime name 6
                      </h3>
                    </div>
                  </div>
                </div>
              </div>
              <div
                class="c21 MuiGrid-root MuiGrid-item MuiGrid-grid-xs-12 MuiGrid-grid-sm-6 MuiGrid-grid-md-4 MuiGrid-grid-lg-3"
              >
                <div
                  data-testid="anime-entry-wrapper"
                  style="opacity: 1; webkit-transition: opacity 4500ms cubic-bezier(0.4, 0, 0.2, 1) 0ms; transition: opacity 4500ms cubic-bezier(0.4, 0, 0.2, 1) 0ms;"
                >
                  <div
                    class="c22"
                    data-testid="anime-entry-background"
                  >
                    <img
                      alt="anime name 7"
                      class="c23"
                      src="image url 7"
                    />
                    <div
                      class="c24"
                      data-testid="anime-details-entry-anime-info"
                    >
                      <h3
                        class="c25"
                      >
                        anime name 7
                      </h3>
                    </div>
                  </div>
                </div>
              </div>
              <div
                class="c21 MuiGrid-root MuiGrid-item MuiGrid-grid-xs-12 MuiGrid-grid-sm-6 MuiGrid-grid-md-4 MuiGrid-grid-lg-3"
              >
                <div
                  data-testid="anime-entry-wrapper"
                  style="opacity: 1; webkit-transition: opacity 5000ms cubic-bezier(0.4, 0, 0.2, 1) 0ms; transition: opacity 5000ms cubic-bezier(0.4, 0, 0.2, 1) 0ms;"
                >
                  <div
                    class="c22"
                    data-testid="anime-entry-background"
                  >
                    <img
                      alt="anime name 8"
                      class="c23"
                      src="image url 8"
                    />
                    <div
                      class="c24"
                      data-testid="anime-details-entry-anime-info"
                    >
                      <h3
                        class="c25"
                      >
                        anime name 8
                      </h3>
                    </div>
                  </div>
                </div>
              </div>
              <div
                class="c21 MuiGrid-root MuiGrid-item MuiGrid-grid-xs-12 MuiGrid-grid-sm-6 MuiGrid-grid-md-4 MuiGrid-grid-lg-3"
              >
                <div
                  data-testid="anime-entry-wrapper"
                  style="opacity: 1; webkit-transition: opacity 5500ms cubic-bezier(0.4, 0, 0.2, 1) 0ms; transition: opacity 5500ms cubic-bezier(0.4, 0, 0.2, 1) 0ms;"
                >
                  <div
                    class="c22"
                    data-testid="anime-entry-background"
                  >
                    <img
                      alt="anime name 9"
                      class="c23"
                      src="image url 9"
                    />
                    <div
                      class="c24"
                      data-testid="anime-details-entry-anime-info"
                    >
                      <h3
                        class="c25"
                      >
                        anime name 9
                      </h3>
                    </div>
                  </div>
                </div>
              </div>
              <div
                class="c21 MuiGrid-root MuiGrid-item MuiGrid-grid-xs-12 MuiGrid-grid-sm-6 MuiGrid-grid-md-4 MuiGrid-grid-lg-3"
              >
                <div
                  data-testid="anime-entry-wrapper"
                  style="opacity: 1; webkit-transition: opacity 6000ms cubic-bezier(0.4, 0, 0.2, 1) 0ms; transition: opacity 6000ms cubic-bezier(0.4, 0, 0.2, 1) 0ms;"
                >
                  <div
                    class="c22"
                    data-testid="anime-entry-background"
                  >
                    <img
                      alt="anime name 10"
                      class="c23"
                      src="image url 10"
                    />
                    <div
                      class="c24"
                      data-testid="anime-details-entry-anime-info"
                    >
                      <h3
                        class="c25"
                      >
                        anime name 10
                      </h3>
                    </div>
                  </div>
                </div>
              </div>
              <div
                class="c21 MuiGrid-root MuiGrid-item MuiGrid-grid-xs-12 MuiGrid-grid-sm-6 MuiGrid-grid-md-4 MuiGrid-grid-lg-3"
              >
                <div
                  data-testid="anime-entry-wrapper"
                  style="opacity: 1; webkit-transition: opacity 6000ms cubic-bezier(0.4, 0, 0.2, 1) 0ms; transition: opacity 6000ms cubic-bezier(0.4, 0, 0.2, 1) 0ms;"
                >
                  <div
                    class="c22"
                    data-testid="anime-entry-background"
                  >
                    <img
                      alt="anime name 11"
                      class="c23"
                      src="image url 11"
                    />
                    <div
                      class="c24"
                      data-testid="anime-details-entry-anime-info"
                    >
                      <h3
                        class="c25"
                      >
                        anime name 11
                      </h3>
                    </div>
                  </div>
                </div>
              </div>
              <div
                data-testid="waypoint-div"
              >
                [Waypoint]
              </div>
            </div>
          </div>
        </div>
      </div>
    </div>
    <div
      data-test="sentinelEnd"
      tabindex="0"
    />
  </div>
</body>
`;

exports[`AnimeSearchModal should not render when is not the corresponding top view 1`] = `
@media print {

}

<body
  style=""
>
  <div />
</body>
`;
