// Jest Snapshot v1, https://goo.gl/fbAQLP

exports[`EpisodeNavigation renders default 1`] = `
.c2 {
  -webkit-user-select: none;
  -moz-user-select: none;
  -ms-user-select: none;
  user-select: none;
  width: 1em;
  height: 1em;
  display: inline-block;
  fill: currentColor;
  -webkit-flex-shrink: 0;
  -ms-flex-negative: 0;
  flex-shrink: 0;
  -webkit-transition: fill 200ms cubic-bezier(0.4,0,0.2,1) 0ms;
  transition: fill 200ms cubic-bezier(0.4,0,0.2,1) 0ms;
  font-size: 1.5rem;
  font-size: inherit;
}

.c3 {
  overflow: hidden;
  pointer-events: none;
  position: absolute;
  z-index: 0;
  top: 0;
  right: 0;
  bottom: 0;
  left: 0;
  border-radius: inherit;
}

.c0 {
  display: -webkit-inline-box;
  display: -webkit-inline-flex;
  display: -ms-inline-flexbox;
  display: inline-flex;
  -webkit-align-items: center;
  -webkit-box-align: center;
  -ms-flex-align: center;
  align-items: center;
  -webkit-box-pack: center;
  -webkit-justify-content: center;
  -ms-flex-pack: center;
  justify-content: center;
  position: relative;
  box-sizing: border-box;
  -webkit-tap-highlight-color: transparent;
  background-color: transparent;
  outline: 0;
  border: 0;
  margin: 0;
  border-radius: 0;
  padding: 0;
  cursor: pointer;
  -webkit-user-select: none;
  -moz-user-select: none;
  -ms-user-select: none;
  user-select: none;
  vertical-align: middle;
  -moz-appearance: none;
  -webkit-appearance: none;
  -webkit-text-decoration: none;
  text-decoration: none;
  color: inherit;
  text-transform: unset;
}

.c0::-moz-focus-inner {
  border-style: none;
}

.c0.Mui-disabled {
  pointer-events: none;
  cursor: default;
}

.c1 {
  text-align: center;
  -webkit-flex: 0 0 auto;
  -ms-flex: 0 0 auto;
  flex: 0 0 auto;
  font-size: 1.5rem;
  padding: 8px;
  border-radius: 50%;
  overflow: visible;
  color: #fff;
  -webkit-transition: background-color 150ms cubic-bezier(0.4,0,0.2,1) 0ms;
  transition: background-color 150ms cubic-bezier(0.4,0,0.2,1) 0ms;
  -webkit-flex-shrink: 0;
  -ms-flex-negative: 0;
  flex-shrink: 0;
  height: 36px;
  min-width: 36px;
  color: #e9ebf0;
  padding: 8px 6px;
  background-color: #292d33;
  margin-bottom: 0;
  font-weight: normal;
  text-align: center;
  vertical-align: middle;
  outline: 0 !important;
  white-space: nowrap;
  border: none;
  -webkit-user-select: none;
  -moz-user-select: none;
  -ms-user-select: none;
  user-select: none;
  font-size: 1.2rem;
  line-height: 1.42857143;
  border-radius: 6px;
}

.c1:hover {
  background-color: rgba(255,255,255,0.08);
}

.c1.Mui-disabled {
  background-color: transparent;
  color: rgba(255,255,255,0.3);
}

.c1:hover {
  background-color: #3c3f43;
}

.c1.Mui-disabled {
  color: rgb(255 255 255 / 25%);
}

@media print {
  .c0 {
    color-adjust: exact;
  }
}

@media (hover:none) {
  .c1:hover {
    background-color: transparent;
  }
}

<body>
  <div>
    <button
      aria-label="Episodio anterior"
      class="c0 MuiButtonBase-root c1 MuiIconButton-root MuiIconButton-sizeMedium"
      data-mui-internal-clone-element="true"
      data-testid="episode-navigation-previous-episode-button"
      tabindex="0"
      type="button"
    >
      <svg
        aria-hidden="true"
        class="c2 MuiSvgIcon-root MuiSvgIcon-fontSizeMedium"
        data-testid="KeyboardArrowLeftRoundedIcon"
        focusable="false"
        viewBox="0 0 24 24"
      >
        <path
          d="M14.71 15.88 10.83 12l3.88-3.88c.39-.39.39-1.02 0-1.41a.9959.9959 0 0 0-1.41 0L8.71 11.3c-.39.39-.39 1.02 0 1.41l4.59 4.59c.39.39 1.02.39 1.41 0 .38-.39.39-1.03 0-1.42z"
        />
      </svg>
      <span
        class="c3 MuiTouchRipple-root"
      />
    </button>
    <button
      aria-label="Ver anime"
      class="c0 MuiButtonBase-root c1 MuiIconButton-root MuiIconButton-sizeMedium"
      data-mui-internal-clone-element="true"
      data-testid="episode-navigation-anime-details-button"
      tabindex="0"
      type="button"
    >
      <svg
        aria-hidden="true"
        class="c2 MuiSvgIcon-root MuiSvgIcon-fontSizeMedium"
        data-testid="MenuRoundedIcon"
        focusable="false"
        viewBox="0 0 24 24"
      >
        <path
          d="M4 18h16c.55 0 1-.45 1-1s-.45-1-1-1H4c-.55 0-1 .45-1 1s.45 1 1 1zm0-5h16c.55 0 1-.45 1-1s-.45-1-1-1H4c-.55 0-1 .45-1 1s.45 1 1 1zM3 7c0 .55.45 1 1 1h16c.55 0 1-.45 1-1s-.45-1-1-1H4c-.55 0-1 .45-1 1z"
        />
      </svg>
      <span
        class="c3 MuiTouchRipple-root"
      />
    </button>
    <button
      aria-label="Siguiente episodio"
      class="c0 MuiButtonBase-root c1 MuiIconButton-root MuiIconButton-sizeMedium"
      data-mui-internal-clone-element="true"
      data-testid="episode-navigation-next-episode-button"
      tabindex="0"
      type="button"
    >
      <svg
        aria-hidden="true"
        class="c2 MuiSvgIcon-root MuiSvgIcon-fontSizeMedium"
        data-testid="KeyboardArrowRightRoundedIcon"
        focusable="false"
        viewBox="0 0 24 24"
      >
        <path
          d="M9.29 15.88 13.17 12 9.29 8.12a.9959.9959 0 0 1 0-1.41c.39-.39 1.02-.39 1.41 0l4.59 4.59c.39.39.39 1.02 0 1.41L10.7 17.3c-.39.39-1.02.39-1.41 0-.38-.39-.39-1.03 0-1.42z"
        />
      </svg>
      <span
        class="c3 MuiTouchRipple-root"
      />
    </button>
  </div>
</body>
`;
