// Jest Snapshot v1, https://goo.gl/fbAQLP

exports[`AnimeEpisodeEntry renders default 1`] = `
.c3 {
  font-weight: 700;
  color: white;
  font-size: 1rem;
  line-height: 1;
  text-shadow: 0 0 2px black,0 0 6px black;
  margin-bottom: 4px;
  overflow: hidden;
  text-overflow: ellipsis;
  display: -webkit-box;
  -webkit-line-clamp: 1;
  -webkit-box-orient: vertical;
}

.c4 {
  font-weight: 300;
  color: white;
  font-size: 0.9rem;
  text-shadow: 0 0 2px black,0 0 4px black;
}

.c0 {
  position: relative;
  border-radius: 4px;
  overflow: hidden;
  --width: calc( ( 100vw - 3 * 16px - 2 * 72px ) / 4 );
  --height: calc(var(--width) * 0.64);
  width: var(--width);
  height: var(--height);
  -webkit-flex: 0 0 auto;
  -ms-flex: 0 0 auto;
  flex: 0 0 auto;
  cursor: pointer;
  -webkit-transition: all 300ms ease-in-out;
  transition: all 300ms ease-in-out;
}

.c0:hover {
  z-index: 10;
}

.c2 {
  position: absolute;
  top: 0;
  bottom: 0;
  left: 0;
  right: 0;
  display: -webkit-box;
  display: -webkit-flex;
  display: -ms-flexbox;
  display: flex;
  -webkit-flex-direction: column;
  -ms-flex-direction: column;
  flex-direction: column;
  -webkit-box-pack: end;
  -webkit-justify-content: flex-end;
  -ms-flex-pack: end;
  justify-content: flex-end;
  background-image: linear-gradient( to top, rgba(0,0,0,0.7), rgba(0,0,0,0.5) 20%, rgba(0,0,0,0) 40% );
  padding: 16px;
}

.c1 {
  object-fit: cover;
  width: 100%;
  height: 100%;
}

@media (max-width:1000px) {
  .c0 {
    --width: calc( ( 100vw - 2 * 16px - 2 * 72px ) / 3 );
    --height: calc(var(--width) * 0.64);
  }
}

@media (max-width:800px) {
  .c0 {
    --width: calc( ( 100vw - 1 * 16px - 2 * 72px ) / 2 );
    --height: calc(var(--width) * 0.64);
    --height: calc(var(--width) * 0.84);
  }
}

@media (max-width:500px) {
  .c0 {
    --width: calc( ( 100vw - 0 * 16px - 2 * 72px ) / 1 );
    --height: calc(var(--width) * 0.64);
  }
}

<body>
  <div>
    <div
      data-testid="anime-entry-wrapper"
      style="opacity: 1; webkit-transition: opacity 1000ms cubic-bezier(0.4, 0, 0.2, 1) 0ms; transition: opacity 1000ms cubic-bezier(0.4, 0, 0.2, 1) 0ms;"
    >
      <div
        class="c0"
        data-testid="anime-entry-background"
      >
        <img
          alt="Here goes the anime name"
          class="c1"
          src="Here goes the anime image url"
        />
        <div
          class="c2"
          data-testid="anime-episode-entry-anime-info"
        >
          <h3
            aria-label="Here goes the anime name"
            class="c3"
            data-mui-internal-clone-element="true"
          >
            Here goes the anime name
          </h3>
          <h6
            class="c4"
          >
            Episodio 69
          </h6>
        </div>
      </div>
    </div>
  </div>
</body>
`;

exports[`AnimeEpisodeEntry renders when has follow management 1`] = `
.c9 {
  font-weight: 700;
  color: white;
  font-size: 1rem;
  line-height: 1;
  text-shadow: 0 0 2px black,0 0 6px black;
  margin-bottom: 4px;
  overflow: hidden;
  text-overflow: ellipsis;
  display: -webkit-box;
  -webkit-line-clamp: 1;
  -webkit-box-orient: vertical;
}

.c10 {
  font-weight: 300;
  color: white;
  font-size: 0.9rem;
  text-shadow: 0 0 2px black,0 0 4px black;
}

.c7 {
  -webkit-user-select: none;
  -moz-user-select: none;
  -ms-user-select: none;
  user-select: none;
  width: 1em;
  height: 1em;
  display: inline-block;
  fill: currentColor;
  -webkit-flex-shrink: 0;
  -ms-flex-negative: 0;
  flex-shrink: 0;
  -webkit-transition: fill 200ms cubic-bezier(0.4,0,0.2,1) 0ms;
  transition: fill 200ms cubic-bezier(0.4,0,0.2,1) 0ms;
  font-size: 1.5rem;
  font-size: inherit;
}

.c8 {
  overflow: hidden;
  pointer-events: none;
  position: absolute;
  z-index: 0;
  top: 0;
  right: 0;
  bottom: 0;
  left: 0;
  border-radius: inherit;
}

.c5 {
  display: -webkit-inline-box;
  display: -webkit-inline-flex;
  display: -ms-inline-flexbox;
  display: inline-flex;
  -webkit-align-items: center;
  -webkit-box-align: center;
  -ms-flex-align: center;
  align-items: center;
  -webkit-box-pack: center;
  -webkit-justify-content: center;
  -ms-flex-pack: center;
  justify-content: center;
  position: relative;
  box-sizing: border-box;
  -webkit-tap-highlight-color: transparent;
  background-color: transparent;
  outline: 0;
  border: 0;
  margin: 0;
  border-radius: 0;
  padding: 0;
  cursor: pointer;
  -webkit-user-select: none;
  -moz-user-select: none;
  -ms-user-select: none;
  user-select: none;
  vertical-align: middle;
  -moz-appearance: none;
  -webkit-appearance: none;
  -webkit-text-decoration: none;
  text-decoration: none;
  color: inherit;
  text-transform: unset;
}

.c5::-moz-focus-inner {
  border-style: none;
}

.c5.Mui-disabled {
  pointer-events: none;
  cursor: default;
}

.c0 {
  position: relative;
  border-radius: 4px;
  overflow: hidden;
  --width: calc( ( 100vw - 3 * 16px - 2 * 72px ) / 4 );
  --height: calc(var(--width) * 0.64);
  width: var(--width);
  height: var(--height);
  -webkit-flex: 0 0 auto;
  -ms-flex: 0 0 auto;
  flex: 0 0 auto;
  cursor: pointer;
  -webkit-transition: all 300ms ease-in-out;
  transition: all 300ms ease-in-out;
}

.c0:hover {
  z-index: 10;
}

.c6 {
  -webkit-filter: drop-shadow(0px 0px 1px #000000aa);
  filter: drop-shadow(0px 0px 1px #000000aa);
  font-size: 24px;
}

.c4 {
  position: absolute;
  top: 0;
  left: 0;
  width: 100%;
  display: -webkit-box;
  display: -webkit-flex;
  display: -ms-flexbox;
  display: flex;
  -webkit-box-pack: end;
  -webkit-justify-content: flex-end;
  -ms-flex-pack: end;
  justify-content: flex-end;
  padding: 8px;
  background-image: linear-gradient( to bottom, rgba(0,0,0,0.7), rgba(0,0,0,0.5) 20%, rgba(0,0,0,0) 90% );
  -webkit-backface-visibility: initial;
}

.c2 {
  position: absolute;
  top: 0;
  bottom: 0;
  left: 0;
  right: 0;
  display: -webkit-box;
  display: -webkit-flex;
  display: -ms-flexbox;
  display: flex;
  -webkit-flex-direction: column;
  -ms-flex-direction: column;
  flex-direction: column;
  -webkit-box-pack: end;
  -webkit-justify-content: flex-end;
  -ms-flex-pack: end;
  justify-content: flex-end;
  background-image: linear-gradient( to top, rgba(0,0,0,0.7), rgba(0,0,0,0.5) 20%, rgba(0,0,0,0) 40% );
  padding: 16px;
}

.c2 .c3 {
  opacity: 0;
  -webkit-transition: opacity 300ms ease-in-out;
  transition: opacity 300ms ease-in-out;
}

.c2:hover .c3 {
  opacity: 1;
}

.c1 {
  object-fit: cover;
  width: 100%;
  height: 100%;
}

@media print {
  .c5 {
    color-adjust: exact;
  }
}

@media (max-width:1000px) {
  .c0 {
    --width: calc( ( 100vw - 2 * 16px - 2 * 72px ) / 3 );
    --height: calc(var(--width) * 0.64);
  }
}

@media (max-width:800px) {
  .c0 {
    --width: calc( ( 100vw - 1 * 16px - 2 * 72px ) / 2 );
    --height: calc(var(--width) * 0.64);
    --height: calc(var(--width) * 0.84);
  }
}

@media (max-width:500px) {
  .c0 {
    --width: calc( ( 100vw - 0 * 16px - 2 * 72px ) / 1 );
    --height: calc(var(--width) * 0.64);
  }
}

<body>
  <div>
    <div
      data-testid="anime-entry-wrapper"
      style="opacity: 1; webkit-transition: opacity 1000ms cubic-bezier(0.4, 0, 0.2, 1) 0ms; transition: opacity 1000ms cubic-bezier(0.4, 0, 0.2, 1) 0ms;"
    >
      <div
        class="c0"
        data-testid="anime-entry-background"
      >
        <img
          alt="Here goes the anime name"
          class="c1"
          src="Here goes the anime image url"
        />
        <div
          class="c2"
          data-testid="anime-episode-entry-anime-info"
        >
          <div
            class="c3 c4"
          >
            <button
              aria-label="Seguir"
              class="c5 MuiButtonBase-root c6"
              data-mui-internal-clone-element="true"
              data-testid="manage-follow-button-button"
              tabindex="0"
              type="button"
            >
              <svg
                aria-hidden="true"
                class="c7 MuiSvgIcon-root MuiSvgIcon-fontSizeMedium"
                data-testid="FavoriteBorderRoundedIcon"
                focusable="false"
                viewBox="0 0 24 24"
              >
                <path
                  d="M19.66 3.99c-2.64-1.8-5.9-.96-7.66 1.1-1.76-2.06-5.02-2.91-7.66-1.1-1.4.96-2.28 2.58-2.34 4.29-.14 3.88 3.3 6.99 8.55 11.76l.1.09c.76.69 1.93.69 2.69-.01l.11-.1c5.25-4.76 8.68-7.87 8.55-11.75-.06-1.7-.94-3.32-2.34-4.28zM12.1 18.55l-.1.1-.1-.1C7.14 14.24 4 11.39 4 8.5 4 6.5 5.5 5 7.5 5c1.54 0 3.04.99 3.57 2.36h1.87C13.46 5.99 14.96 5 16.5 5c2 0 3.5 1.5 3.5 3.5 0 2.89-3.14 5.74-7.9 10.05z"
                />
              </svg>
              <span
                class="c8 MuiTouchRipple-root"
              />
            </button>
          </div>
          <h3
            aria-label="Here goes the anime name"
            class="c9"
            data-mui-internal-clone-element="true"
          >
            Here goes the anime name
          </h3>
          <h6
            class="c10"
          >
            Episodio 69
          </h6>
        </div>
      </div>
    </div>
  </div>
</body>
`;

exports[`AnimeEpisodeEntry renders without anime 1`] = `
<body>
  <div />
</body>
`;
