// Jest Snapshot v1, https://goo.gl/fbAQLP

exports[`AnimeDetailsEntry renders default 1`] = `
<DocumentFragment>
  .c3 {
  font-weight: 700;
  color: white;
  font-size: 1rem;
  line-height: 1;
  text-shadow: 0 0 2px black,0 0 6px black;
  margin-bottom: 4px;
  overflow: hidden;
  text-overflow: ellipsis;
  display: -webkit-box;
  -webkit-line-clamp: 1;
  -webkit-box-orient: vertical;
}

.c0 {
  position: relative;
  border-radius: 4px;
  overflow: hidden;
  --width: calc( ( 100vw - 3 * 16px - 2 * 72px ) / 4 );
  --height: calc(var(--width) * 0.64);
  width: var(--width);
  height: var(--height);
  -webkit-flex: 0 0 auto;
  -ms-flex: 0 0 auto;
  flex: 0 0 auto;
  cursor: pointer;
  -webkit-transition: all 300ms ease-in-out;
  transition: all 300ms ease-in-out;
}

.c0:hover {
  z-index: 10;
}

.c2 {
  position: absolute;
  top: 0;
  bottom: 0;
  left: 0;
  right: 0;
  display: -webkit-box;
  display: -webkit-flex;
  display: -ms-flexbox;
  display: flex;
  -webkit-flex-direction: column;
  -ms-flex-direction: column;
  flex-direction: column;
  -webkit-box-pack: end;
  -webkit-justify-content: flex-end;
  -ms-flex-pack: end;
  justify-content: flex-end;
  background-image: linear-gradient( to top, rgba(0,0,0,0.7), rgba(0,0,0,0.5) 20%, rgba(0,0,0,0) 40% );
  padding: 16px;
}

.c1 {
  object-fit: cover;
  width: 100%;
  height: 100%;
}

@media (max-width:1000px) {
  .c0 {
    --width: calc( ( 100vw - 2 * 16px - 2 * 72px ) / 3 );
    --height: calc(var(--width) * 0.64);
  }
}

@media (max-width:800px) {
  .c0 {
    --width: calc( ( 100vw - 1 * 16px - 2 * 72px ) / 2 );
    --height: calc(var(--width) * 0.64);
    --height: calc(var(--width) * 0.84);
  }
}

@media (max-width:500px) {
  .c0 {
    --width: calc( ( 100vw - 0 * 16px - 2 * 72px ) / 1 );
    --height: calc(var(--width) * 0.64);
  }
}

<div
    data-testid="anime-entry-wrapper"
    style="opacity: 1; webkit-transition: opacity 1000ms cubic-bezier(0.4, 0, 0.2, 1) 0ms; transition: opacity 1000ms cubic-bezier(0.4, 0, 0.2, 1) 0ms;"
  >
    <div
      class="c0"
      data-testid="anime-entry-background"
    >
      <img
        alt="Here goes the anime name"
        class="c1"
        src="Here goes the anime image url"
      />
      <div
        class="c2"
        data-testid="anime-details-entry-anime-info"
      >
        <h3
          class="c3"
        >
          Here goes the anime name
        </h3>
      </div>
    </div>
  </div>
</DocumentFragment>
`;

exports[`AnimeDetailsEntry renders without anime 1`] = `<DocumentFragment />`;
