// Jest Snapshot v1, https://goo.gl/fbAQLP

exports[`ManageFollowButton renders default when followed 1`] = `
.c2 {
  -webkit-user-select: none;
  -moz-user-select: none;
  -ms-user-select: none;
  user-select: none;
  width: 1em;
  height: 1em;
  display: inline-block;
  fill: currentColor;
  -webkit-flex-shrink: 0;
  -ms-flex-negative: 0;
  flex-shrink: 0;
  -webkit-transition: fill 200ms cubic-bezier(0.4,0,0.2,1) 0ms;
  transition: fill 200ms cubic-bezier(0.4,0,0.2,1) 0ms;
  font-size: 1.5rem;
  font-size: inherit;
}

.c3 {
  overflow: hidden;
  pointer-events: none;
  position: absolute;
  z-index: 0;
  top: 0;
  right: 0;
  bottom: 0;
  left: 0;
  border-radius: inherit;
}

.c0 {
  display: -webkit-inline-box;
  display: -webkit-inline-flex;
  display: -ms-inline-flexbox;
  display: inline-flex;
  -webkit-align-items: center;
  -webkit-box-align: center;
  -ms-flex-align: center;
  align-items: center;
  -webkit-box-pack: center;
  -webkit-justify-content: center;
  -ms-flex-pack: center;
  justify-content: center;
  position: relative;
  box-sizing: border-box;
  -webkit-tap-highlight-color: transparent;
  background-color: transparent;
  outline: 0;
  border: 0;
  margin: 0;
  border-radius: 0;
  padding: 0;
  cursor: pointer;
  -webkit-user-select: none;
  -moz-user-select: none;
  -ms-user-select: none;
  user-select: none;
  vertical-align: middle;
  -moz-appearance: none;
  -webkit-appearance: none;
  -webkit-text-decoration: none;
  text-decoration: none;
  color: inherit;
  text-transform: unset;
}

.c0::-moz-focus-inner {
  border-style: none;
}

.c0.Mui-disabled {
  pointer-events: none;
  cursor: default;
}

.c1 {
  -webkit-filter: drop-shadow(0px 0px 1px #000000aa);
  filter: drop-shadow(0px 0px 1px #000000aa);
  font-size: 24px;
}

@media print {
  .c0 {
    color-adjust: exact;
  }
}

<body>
  <div>
    <button
      aria-label="Dejar de seguir"
      class="c0 MuiButtonBase-root c1"
      data-mui-internal-clone-element="true"
      data-testid="manage-follow-button-button"
      tabindex="0"
      type="button"
    >
      <svg
        aria-hidden="true"
        class="c2 MuiSvgIcon-root MuiSvgIcon-fontSizeMedium"
        data-testid="FavoriteRoundedIcon"
        focusable="false"
        viewBox="0 0 24 24"
      >
        <path
          d="M13.35 20.13c-.76.69-1.93.69-2.69-.01l-.11-.1C5.3 15.27 1.87 12.16 2 8.28c.06-1.7.93-3.33 2.34-4.29 2.64-1.8 5.9-.96 7.66 1.1 1.76-2.06 5.02-2.91 7.66-1.1 1.41.96 2.28 2.59 2.34 4.29.14 3.88-3.3 6.99-8.55 11.76l-.1.09z"
        />
      </svg>
      <span
        class="c3 MuiTouchRipple-root"
      />
    </button>
  </div>
</body>
`;

exports[`ManageFollowButton renders default when not followed 1`] = `
.c2 {
  -webkit-user-select: none;
  -moz-user-select: none;
  -ms-user-select: none;
  user-select: none;
  width: 1em;
  height: 1em;
  display: inline-block;
  fill: currentColor;
  -webkit-flex-shrink: 0;
  -ms-flex-negative: 0;
  flex-shrink: 0;
  -webkit-transition: fill 200ms cubic-bezier(0.4,0,0.2,1) 0ms;
  transition: fill 200ms cubic-bezier(0.4,0,0.2,1) 0ms;
  font-size: 1.5rem;
  font-size: inherit;
}

.c3 {
  overflow: hidden;
  pointer-events: none;
  position: absolute;
  z-index: 0;
  top: 0;
  right: 0;
  bottom: 0;
  left: 0;
  border-radius: inherit;
}

.c0 {
  display: -webkit-inline-box;
  display: -webkit-inline-flex;
  display: -ms-inline-flexbox;
  display: inline-flex;
  -webkit-align-items: center;
  -webkit-box-align: center;
  -ms-flex-align: center;
  align-items: center;
  -webkit-box-pack: center;
  -webkit-justify-content: center;
  -ms-flex-pack: center;
  justify-content: center;
  position: relative;
  box-sizing: border-box;
  -webkit-tap-highlight-color: transparent;
  background-color: transparent;
  outline: 0;
  border: 0;
  margin: 0;
  border-radius: 0;
  padding: 0;
  cursor: pointer;
  -webkit-user-select: none;
  -moz-user-select: none;
  -ms-user-select: none;
  user-select: none;
  vertical-align: middle;
  -moz-appearance: none;
  -webkit-appearance: none;
  -webkit-text-decoration: none;
  text-decoration: none;
  color: inherit;
  text-transform: unset;
}

.c0::-moz-focus-inner {
  border-style: none;
}

.c0.Mui-disabled {
  pointer-events: none;
  cursor: default;
}

.c1 {
  -webkit-filter: drop-shadow(0px 0px 1px #000000aa);
  filter: drop-shadow(0px 0px 1px #000000aa);
  font-size: 24px;
}

@media print {
  .c0 {
    color-adjust: exact;
  }
}

<body>
  <div>
    <button
      aria-label="Seguir"
      class="c0 MuiButtonBase-root c1"
      data-mui-internal-clone-element="true"
      data-testid="manage-follow-button-button"
      tabindex="0"
      type="button"
    >
      <svg
        aria-hidden="true"
        class="c2 MuiSvgIcon-root MuiSvgIcon-fontSizeMedium"
        data-testid="FavoriteBorderRoundedIcon"
        focusable="false"
        viewBox="0 0 24 24"
      >
        <path
          d="M19.66 3.99c-2.64-1.8-5.9-.96-7.66 1.1-1.76-2.06-5.02-2.91-7.66-1.1-1.4.96-2.28 2.58-2.34 4.29-.14 3.88 3.3 6.99 8.55 11.76l.1.09c.76.69 1.93.69 2.69-.01l.11-.1c5.25-4.76 8.68-7.87 8.55-11.75-.06-1.7-.94-3.32-2.34-4.28zM12.1 18.55l-.1.1-.1-.1C7.14 14.24 4 11.39 4 8.5 4 6.5 5.5 5 7.5 5c1.54 0 3.04.99 3.57 2.36h1.87C13.46 5.99 14.96 5 16.5 5c2 0 3.5 1.5 3.5 3.5 0 2.89-3.14 5.74-7.9 10.05z"
        />
      </svg>
      <span
        class="c3 MuiTouchRipple-root"
      />
    </button>
  </div>
</body>
`;
