// Jest Snapshot v1, https://goo.gl/fbAQLP

exports[`EpisodeButton renders default 1`] = `
<DocumentFragment>
  .c3 {
  display: -webkit-box;
  display: -webkit-flex;
  display: -ms-flexbox;
  display: flex;
  -webkit-flex-direction: row;
  -ms-flex-direction: row;
  flex-direction: row;
}

.c4 {
  gap: 16px;
}

.c8 {
  overflow: hidden;
  pointer-events: none;
  position: absolute;
  z-index: 0;
  top: 0;
  right: 0;
  bottom: 0;
  left: 0;
  border-radius: inherit;
}

.c0 {
  display: -webkit-inline-box;
  display: -webkit-inline-flex;
  display: -ms-inline-flexbox;
  display: inline-flex;
  -webkit-align-items: center;
  -webkit-box-align: center;
  -ms-flex-align: center;
  align-items: center;
  -webkit-box-pack: center;
  -webkit-justify-content: center;
  -ms-flex-pack: center;
  justify-content: center;
  position: relative;
  box-sizing: border-box;
  -webkit-tap-highlight-color: transparent;
  background-color: transparent;
  outline: 0;
  border: 0;
  margin: 0;
  border-radius: 0;
  padding: 0;
  cursor: pointer;
  -webkit-user-select: none;
  -moz-user-select: none;
  -ms-user-select: none;
  user-select: none;
  vertical-align: middle;
  -moz-appearance: none;
  -webkit-appearance: none;
  -webkit-text-decoration: none;
  text-decoration: none;
  color: inherit;
}

.c0::-moz-focus-inner {
  border-style: none;
}

.c0.Mui-disabled {
  pointer-events: none;
  cursor: default;
}

.c1 {
  font-family: "Roboto","Helvetica","Arial",sans-serif;
  font-weight: 500;
  font-size: 0.875rem;
  line-height: 1.75;
  -webkit-letter-spacing: 0.02857em;
  -moz-letter-spacing: 0.02857em;
  -ms-letter-spacing: 0.02857em;
  letter-spacing: 0.02857em;
  text-transform: uppercase;
  min-width: 64px;
  padding: 6px 8px;
  border-radius: 4px;
  -webkit-transition: background-color 250ms cubic-bezier(0.4,0,0.2,1) 0ms,box-shadow 250ms cubic-bezier(0.4,0,0.2,1) 0ms,border-color 250ms cubic-bezier(0.4,0,0.2,1) 0ms,color 250ms cubic-bezier(0.4,0,0.2,1) 0ms;
  transition: background-color 250ms cubic-bezier(0.4,0,0.2,1) 0ms,box-shadow 250ms cubic-bezier(0.4,0,0.2,1) 0ms,border-color 250ms cubic-bezier(0.4,0,0.2,1) 0ms,color 250ms cubic-bezier(0.4,0,0.2,1) 0ms;
  color: #1976d2;
}

.c1:hover {
  -webkit-text-decoration: none;
  text-decoration: none;
  background-color: rgba(25,118,210,0.04);
}

.c1.Mui-disabled {
  color: rgba(0,0,0,0.26);
}

.c7 {
  -webkit-user-select: none;
  -moz-user-select: none;
  -ms-user-select: none;
  user-select: none;
  width: 1em;
  height: 1em;
  display: inline-block;
  fill: currentColor;
  -webkit-flex-shrink: 0;
  -ms-flex-negative: 0;
  flex-shrink: 0;
  -webkit-transition: fill 200ms cubic-bezier(0.4,0,0.2,1) 0ms;
  transition: fill 200ms cubic-bezier(0.4,0,0.2,1) 0ms;
  font-size: 1.5rem;
}

.c2 {
  width: 100%;
  text-align: left;
  -webkit-box-pack: start;
  -webkit-justify-content: flex-start;
  -ms-flex-pack: start;
  justify-content: flex-start;
}

.c6 {
  -webkit-flex: 1;
  -ms-flex: 1;
  flex: 1;
  -webkit-align-items: center;
  -webkit-box-align: center;
  -ms-flex-align: center;
  align-items: center;
}

.c5 {
  -webkit-align-items: center;
  -webkit-box-align: center;
  -ms-flex-align: center;
  align-items: center;
  width: 100%;
  -webkit-box-pack: justify;
  -webkit-justify-content: space-between;
  -ms-flex-pack: justify;
  justify-content: space-between;
}

@media print {
  .c0 {
    color-adjust: exact;
  }
}

@media (hover:none) {
  .c1:hover {
    background-color: transparent;
  }
}

<button
    aria-label="Ver episodio"
    class="c0 MuiButton-root MuiButton-text MuiButton-textPrimary MuiButton-sizeMedium MuiButton-textSizeMedium MuiButtonBase-root c1 c2"
    data-mui-internal-clone-element="true"
    data-testid="episode-button-watch-button"
    tabindex="0"
    type="button"
  >
    <div
      class="c3 c4 c5"
    >
      <div>
        Episodio 69
      </div>
      <div
        class="c3 c4 c6"
      />
      <svg
        aria-hidden="true"
        class="c7 MuiSvgIcon-root MuiSvgIcon-fontSizeMedium"
        data-testid="PlayArrowRoundedIcon"
        focusable="false"
        style="font-size: 1.4rem; overflow: hidden;"
        viewBox="0 0 24 24"
      >
        <path
          d="M8 6.82v10.36c0 .79.87 1.27 1.54.84l8.14-5.18c.62-.39.62-1.29 0-1.69L9.54 5.98C8.87 5.55 8 6.03 8 6.82z"
        />
      </svg>
    </div>
    <span
      class="c8 MuiTouchRipple-root"
    />
  </button>
</DocumentFragment>
`;
