// Jest Snapshot v1, https://goo.gl/fbAQLP

exports[`SortIcon renders default with order=asc 1`] = `
<DocumentFragment>
  .c0 {
  -webkit-user-select: none;
  -moz-user-select: none;
  -ms-user-select: none;
  user-select: none;
  width: 1em;
  height: 1em;
  display: inline-block;
  fill: currentColor;
  -webkit-flex-shrink: 0;
  -ms-flex-negative: 0;
  flex-shrink: 0;
  -webkit-transition: fill 200ms cubic-bezier(0.4,0,0.2,1) 0ms;
  transition: fill 200ms cubic-bezier(0.4,0,0.2,1) 0ms;
  font-size: 1.5rem;
  font-size: inherit;
}

.c1 * {
  -webkit-transition: all 300ms ease-in-out;
  transition: all 300ms ease-in-out;
}

<svg
    aria-hidden="true"
    class="c0 MuiSvgIcon-root MuiSvgIcon-fontSizeMedium c1"
    focusable="false"
    viewBox="0 0 24 24"
  >
    <line
      stroke="currentColor"
      stroke-width="3"
      style="transform: scaleX(0.25);"
      x1="0"
      x2="30"
      y1="7"
      y2="7"
    />
    <line
      stroke="currentColor"
      stroke-width="3"
      style="transform: scaleX(0.5);"
      x1="0"
      x2="30"
      y1="15"
      y2="15"
    />
    <line
      stroke="currentColor"
      stroke-width="3"
      style="transform: scaleX(1);"
      x1="0"
      x2="30"
      y1="23"
      y2="23"
    />
  </svg>
</DocumentFragment>
`;

exports[`SortIcon renders default with order=desc 1`] = `
<DocumentFragment>
  .c0 {
  -webkit-user-select: none;
  -moz-user-select: none;
  -ms-user-select: none;
  user-select: none;
  width: 1em;
  height: 1em;
  display: inline-block;
  fill: currentColor;
  -webkit-flex-shrink: 0;
  -ms-flex-negative: 0;
  flex-shrink: 0;
  -webkit-transition: fill 200ms cubic-bezier(0.4,0,0.2,1) 0ms;
  transition: fill 200ms cubic-bezier(0.4,0,0.2,1) 0ms;
  font-size: 1.5rem;
  font-size: inherit;
}

.c1 * {
  -webkit-transition: all 300ms ease-in-out;
  transition: all 300ms ease-in-out;
}

<svg
    aria-hidden="true"
    class="c0 MuiSvgIcon-root MuiSvgIcon-fontSizeMedium c1"
    focusable="false"
    viewBox="0 0 24 24"
  >
    <line
      stroke="currentColor"
      stroke-width="3"
      style="transform: scaleX(1);"
      x1="0"
      x2="30"
      y1="7"
      y2="7"
    />
    <line
      stroke="currentColor"
      stroke-width="3"
      style="transform: scaleX(0.5);"
      x1="0"
      x2="30"
      y1="15"
      y2="15"
    />
    <line
      stroke="currentColor"
      stroke-width="3"
      style="transform: scaleX(0.25);"
      x1="0"
      x2="30"
      y1="23"
      y2="23"
    />
  </svg>
</DocumentFragment>
`;
